// Jest Snapshot v1, https://goo.gl/fbAQLP

exports[`<Jumbotron /> renders the <Jumbotron /> with populated data 1`] = `
<div
  class="sc-gKclnd dAIvoM"
>
  <div
    class="sc-bdvvtL jjsUfz"
  >
    <div
      class="sc-gsDKAQ jzSqOB"
      direction="row"
    >
      <div
        class="sc-dkPtRN iGULmp"
      >
        <h1
          class="sc-hKwDye lezLdO"
        >
          Enjoy on your TV.
        </h1>
        <h2
          class="sc-eCImPb jZlpWQ"
        >
          Watch on smart TVs, PlayStation, Xbox, Chromecast, Apple TV, Blu-ray players and more.
        </h2>
      </div>
      <div
        class="sc-dkPtRN iGULmp"
      >
        <img
          alt="Tiger King on Netflix"
          class="sc-jRQBWg fxbfJl"
          data-testid="1-jumbo-image"
          src="/images/misc/home-tv.jpg"
        />
      </div>
    </div>
  </div>
  <div
    class="sc-bdvvtL jjsUfz"
  >
    <div
      class="sc-gsDKAQ jzSqOB"
      direction="row"
    >
      <div
        class="sc-dkPtRN iGULmp"
      >
        <h1
          class="sc-hKwDye lezLdO"
        >
          Download your programmes to watch on the go.
        </h1>
        <h2
          class="sc-eCImPb jZlpWQ"
        >
          Save your data and watch all your favourites offline.
        </h2>
      </div>
      <div
        class="sc-dkPtRN iGULmp"
      >
        <img
          alt="Watch on mobile"
          class="sc-jRQBWg fxbfJl"
          data-testid="2-jumbo-image"
          src="/images/misc/home-mobile.jpg"
        />
      </div>
    </div>
  </div>
  <div
    class="sc-bdvvtL jjsUfz"
  >
    <div
      class="sc-gsDKAQ jzSqOB"
      direction="row"
    >
      <div
        class="sc-dkPtRN iGULmp"
      >
        <h1
          class="sc-hKwDye lezLdO"
        >
          Watch everywhere.
        </h1>
        <h2
          class="sc-eCImPb jZlpWQ"
        >
          Stream unlimited films and TV programmes on your phone, tablet, laptop and TV without paying more.
        </h2>
      </div>
      <div
        class="sc-dkPtRN iGULmp"
      >
        <img
          alt="Money Heist on Netflix"
          class="sc-jRQBWg fxbfJl"
          data-testid="3-jumbo-image"
          src="/images/misc/home-imac.jpg"
        />
      </div>
    </div>
  </div>
</div>
`;
